Sequence		tRNA    	Bounds  	tRNA	Anti	Intron Bounds	Inf	      
Name    	tRNA #	Begin   	End     	Type	Codon	Begin	End	Score	Note
--------	------	-----   	------  	----	-----	-----	----	------	------
ctg_1   	1	2180004 	2180087 	Leu	TAA	0	0	53.6	
ctg_1   	2	3356411 	3356483 	Arg	TCT	0	0	69.9	
ctg_1   	3	4555455 	4555527 	Lys	CTT	0	0	86.8	
ctg_1   	4	5048661 	5048734 	Asn	GTT	0	0	84.5	
ctg_1   	5	7413590 	7413649 	Ser	CGA	0	0	21.1	pseudo
ctg_1   	6	9706475 	9706556 	Sup	TTA	0	0	22.8	pseudo
ctg_1   	7	9949615 	9949687 	Ala	AGC	0	0	63.4	
ctg_1   	8	10194706	10194786	Leu	CAG	0	0	58.9	
ctg_1   	9	10638647	10638719	Ala	TGC	0	0	70.0	
ctg_1   	10	12354098	12354169	Pro	AGG	0	0	67.4	
ctg_1   	11	12361956	12362035	Leu	TAG	0	0	69.5	
ctg_1   	12	12556700	12556772	Glu	CTC	0	0	79.2	
ctg_1   	13	13291385	13291456	Gly	TCC	0	0	73.9	
ctg_1   	14	13786147	13786217	Gly	GCC	0	0	66.5	
ctg_1   	15	22775518	22775438	Leu	CAA	0	0	32.1	pseudo
ctg_1   	16	22735798	22735725	Arg	TCG	0	0	81.9	
ctg_1   	17	18700559	18700488	His	GTG	0	0	63.0	
ctg_1   	18	16008201	16008130	Leu	AAG	0	0	37.3	pseudo
ctg_1   	19	15738001	15737927	Met	CAT	0	0	25.3	pseudo
ctg_1   	20	15518608	15518536	Val	TAC	0	0	71.2	
ctg_1   	21	15289192	15289120	Val	TAC	0	0	77.8	
ctg_1   	22	14098902	14098830	Glu	CTC	0	0	79.6	
ctg_1   	23	14016275	14016202	Ile	TAT	0	0	85.9	
ctg_1   	24	13259055	13258982	Ile	AAT	0	0	81.8	
ctg_1   	25	11481410	11481337	Ile	AAT	0	0	81.8	
ctg_1   	26	8870019 	8869948 	Asp	GTC	0	0	67.8	
ctg_1   	27	8742820 	8742749 	Thr	TGT	0	0	79.3	
ctg_1   	28	8678955 	8678884 	Pro	AGG	0	0	67.4	
ctg_1   	29	8076321 	8076240 	Ser	TGA	0	0	80.7	
ctg_1   	30	7015880 	7015809 	His	ATG	0	0	25.2	pseudo
ctg_1   	31	3670965 	3670894 	Gly	TCC	0	0	73.9	
ctg_1   	32	871162  	871091  	Lys	TTT	0	0	91.9	
ctg_1   	33	871012  	870941  	Lys	TTT	0	0	91.9	
ctg_1   	34	490765  	490694  	Cys	GCA	0	0	80.9	
ctg_2   	1	720159  	720231  	Glu	TTC	0	0	38.2	
ctg_2   	2	720298  	720381  	Tyr	GTA	0	0	47.9	
ctg_2   	3	1142059 	1142129 	Gly	GCC	0	0	66.5	
ctg_2   	4	2341279 	2341352 	Thr	AGT	0	0	75.0	
ctg_2   	5	5879282 	5879353 	Asp	GTC	0	0	67.8	
ctg_2   	6	6475615 	6475696 	Ser	TGA	0	0	78.6	
ctg_2   	7	10075916	10075991	Asp	GTC	0	0	41.2	pseudo
ctg_2   	8	10929493	10929574	Ser	GCT	0	0	80.5	
ctg_2   	9	11435937	11436008	Gly	GCC	0	0	45.7	
ctg_2   	10	12087636	12087707	Lys	TTT	0	0	92.3	
ctg_2   	11	12410468	12410539	Pro	CGG	0	0	68.5	
ctg_2   	12	13001718	13001800	Leu	TAA	0	0	69.7	
ctg_2   	13	14050695	14050766	His	GTG	0	0	63.0	
ctg_2   	14	15532217	15532288	Cys	GCA	0	0	79.9	
ctg_2   	15	15724458	15724528	Ser	GCT	0	0	54.0	
ctg_2   	16	19067950	19068021	Cys	ACA	0	0	37.1	pseudo
ctg_2   	17	19071423	19071504	Ser	TGA	0	0	80.7	
ctg_2   	18	20963689	20963767	Ser	CGA	0	0	30.3	pseudo
ctg_2   	19	21198551	21198631	Leu	CAG	0	0	69.5	
ctg_2   	20	20727788	20727716	Ala	AGC	0	0	48.9	
ctg_2   	21	19719705	19719633	Arg	ACG	0	0	72.0	
ctg_2   	22	18049501	18049416	Undet	NNN	0	0	21.0	pseudo
ctg_2   	23	16164558	16164474	Met	CAT	16164520	16164510	64.3	
ctg_2   	24	15724806	15724733	Met	CAT	0	0	47.1	
ctg_2   	25	15328850	15328778	Undet	NNN	0	0	20.3	pseudo
ctg_2   	26	15123138	15123065	Arg	TCG	0	0	82.3	
ctg_2   	27	14850876	14850803	Asp	GTC	0	0	46.9	
ctg_2   	28	14656074	14655993	Leu	TAA	14656038	14656028	23.9	
ctg_2   	29	14655912	14655831	Leu	TAG	14655876	14655868	22.5	pseudo
ctg_2   	30	14267036	14266949	Tyr	GTA	14266999	14266985	74.4	
ctg_2   	31	11505747	11505666	Ser	GCT	0	0	80.5	
ctg_2   	32	10787052	10786980	Ala	TGC	0	0	65.5	
ctg_2   	33	10197408	10197336	Lys	CTT	0	0	86.8	
ctg_2   	34	9536372 	9536299 	Asn	GTT	0	0	84.5	
ctg_2   	35	3559649 	3559577 	Phe	GAA	0	0	78.3	
ctg_2   	36	2640746 	2640673 	Ile	TAT	0	0	85.9	
ctg_2   	37	2391780 	2391709 	Pro	CGG	0	0	68.5	
ctg_2   	38	2035878 	2035807 	Glu	TTC	0	0	72.0	
ctg_3   	1	694431  	694504  	Ile	AAT	0	0	78.3	
ctg_3   	2	1396068 	1396139 	Asn	ATT	0	0	21.4	pseudo
ctg_3   	3	2284667 	2284747 	Asn	GTT	0	0	49.1	
ctg_3   	4	4641727 	4641807 	Cys	ACA	0	0	20.6	pseudo
ctg_3   	5	8229345 	8229424 	Leu	TAG	0	0	69.5	
ctg_3   	6	9247480 	9247551 	Cys	ACA	0	0	36.6	pseudo
ctg_3   	7	9974707 	9974790 	Leu	CAA	0	0	83.0	
ctg_3   	8	12047648	12047719	Pro	AGG	0	0	67.4	
ctg_3   	9	12049929	12050008	Leu	TAG	0	0	69.5	
ctg_3   	10	13006882	13006954	Glu	TTC	0	0	34.9	pseudo
ctg_3   	11	14273096	14273163	Ser	CGA	0	0	22.2	pseudo
ctg_3   	12	20975524	20975453	Undet	NNN	0	0	33.1	
ctg_3   	13	20000366	20000294	Glu	CTC	0	0	80.0	
ctg_3   	14	19568074	19567987	Tyr	GTA	19568037	19568023	74.4	
ctg_3   	15	14998532	14998451	Leu	TAA	14998496	14998486	23.9	
ctg_3   	16	14126602	14126529	Glu	TTC	0	0	24.5	pseudo
ctg_3   	17	8557011 	8556940 	iMet	CAT	0	0	58.3	
ctg_3   	18	7401738 	7401658 	Leu	CAG	0	0	69.5	
ctg_3   	19	4619920 	4619847 	Val	CAC	0	0	82.4	
ctg_3   	20	1918858 	1918785 	Asn	GTT	0	0	83.9	
ctg_3   	21	940993  	940922  	Thr	TGT	0	0	79.3	
ctg_3   	22	337332  	337259  	Ile	AAT	0	0	81.8	
ctg_3   	23	232685  	232614  	Gln	CTG	0	0	75.3	
ctg_4   	1	3753915 	3753999 	Met	CAT	3753953	3753964	37.3	
ctg_4   	2	3834923 	3835013 	Tyr	GTA	3834960	3834977	74.3	
ctg_4   	3	6966810 	6966881 	Tyr	ATA	0	0	43.8	
ctg_4   	4	7581864 	7581936 	Asn	GTT	0	0	40.2	
ctg_4   	5	10582992	10583063	His	GTG	0	0	62.2	
ctg_4   	6	15896518	15896589	Pro	TGG	0	0	69.2	
ctg_4   	7	17127373	17127445	Ala	AGC	0	0	63.4	
ctg_4   	8	17979460	17979388	Ala	AGC	0	0	63.4	
ctg_4   	9	15976836	15976757	Leu	TAG	0	0	69.5	
ctg_4   	10	14255561	14255490	Thr	TGT	0	0	79.3	
ctg_4   	11	12900143	12900070	Arg	TCG	0	0	81.9	
ctg_4   	12	11566071	11565990	Ser	AGA	0	0	79.4	
ctg_4   	13	9898856 	9898782 	iMet	CAT	0	0	28.1	
ctg_4   	14	6236141 	6236071 	Gly	GCC	0	0	66.5	
ctg_4   	15	5957255 	5957175 	Leu	AAG	0	0	74.0	
ctg_4   	16	5838757 	5838686 	Trp	CCA	0	0	75.8	
ctg_4   	17	3853688 	3853615 	Asp	GTC	0	0	61.5	
ctg_5   	1	957889  	957984  	Tyr	GTA	957926	957948	74.1	
ctg_5   	2	3071504 	3071575 	Pro	TGG	0	0	68.5	
ctg_5   	3	6630778 	6630848 	Gly	GCC	0	0	66.5	
ctg_5   	4	8577933 	8578004 	Asn	GTT	0	0	63.4	
ctg_5   	5	9159847 	9159918 	Trp	CCA	0	0	75.8	
ctg_5   	6	9549156 	9549227 	His	GTG	0	0	63.0	
ctg_5   	7	12190571	12190642	Pro	TGG	0	0	68.5	
ctg_5   	8	13723119	13723191	Ala	TGC	0	0	69.1	
ctg_5   	9	13898528	13898599	Asn	GTT	0	0	69.0	
ctg_5   	10	10049829	10049756	Thr	AGT	0	0	75.0	
ctg_5   	11	5379145 	5379073 	Glu	CTC	0	0	80.6	
ctg_5   	12	4666204 	4666132 	Lys	CTT	0	0	87.7	
ctg_5   	13	2991820 	2991738 	Leu	TAA	0	0	70.7	
ctg_5   	14	2740818 	2740747 	Pro	AGG	0	0	67.4	
ctg_5   	15	2727587 	2727507 	Sup	TTA	2727552	2727539	20.0	pseudo
ctg_6   	1	4510420 	4510492 	Lys	CTT	0	0	86.8	
ctg_6   	2	4775977 	4776058 	Ser	CGA	0	0	78.9	
ctg_6   	3	9797435 	9797514 	Undet	NNN	0	0	20.5	pseudo
ctg_6   	4	10734338	10734424	Ser	GGA	0	0	55.6	
ctg_6   	5	11222577	11222649	Glu	CTC	0	0	78.9	
ctg_6   	6	12992069	12992150	Ser	AGA	0	0	69.6	
ctg_6   	7	15925036	15925117	Leu	TAA	15925072	15925085	21.8	pseudo
ctg_6   	8	15925195	15925270	Leu	TAG	15925233	15925236	25.2	pseudo
ctg_6   	9	18746059	18745984	Ile	TAT	0	0	26.2	
ctg_6   	10	12734335	12734263	Arg	CCT	0	0	74.8	
ctg_6   	11	9999254 	9999183 	iMet	CAT	0	0	54.9	
ctg_6   	12	8425782 	8425703 	Leu	TAA	0	0	21.3	pseudo
ctg_6   	13	5824127 	5824046 	Ser	AGA	0	0	76.3	
ctg_6   	14	5000149 	5000067 	Leu	TAA	0	0	70.7	
ctg_6   	15	4725636 	4725563 	Asn	GTT	0	0	83.9	
ctg_7   	1	3773592 	3773663 	Tyr	ATA	0	0	31.0	pseudo
ctg_7   	2	5137945 	5138017 	Arg	CCG	0	0	79.3	
ctg_7   	3	5597560 	5597631 	His	ATG	0	0	35.4	pseudo
ctg_7   	4	7072850 	7072923 	Val	CAC	0	0	81.5	
ctg_7   	5	7576749 	7576820 	Asn	GTT	0	0	69.1	
ctg_7   	6	8114477 	8114547 	iMet	CAT	0	0	20.6	pseudo
ctg_7   	7	9639465 	9639536 	His	ATG	0	0	43.9	
ctg_7   	8	11814323	11814394	iMet	CAT	0	0	58.3	
ctg_7   	9	16090411	16090482	Cys	GCA	0	0	82.1	
ctg_7   	10	17406294	17406364	Gly	ACC	0	0	20.7	pseudo
ctg_7   	11	16989788	16989706	Leu	TAA	16989752	16989744	24.8	pseudo
ctg_7   	12	14362510	14362440	Asp	GTC	0	0	20.1	pseudo
ctg_7   	13	13986597	13986524	Arg	TCG	0	0	82.3	
ctg_7   	14	9269729 	9269661 	Asn	GTT	0	0	38.6	pseudo
ctg_7   	15	8979303 	8979227 	Glu	TTC	0	0	20.8	pseudo
ctg_7   	16	4330111 	4330042 	Gly	TCC	0	0	28.6	pseudo
ctg_7   	17	1245485 	1245405 	Leu	AAG	0	0	74.0	
ctg_8   	1	10221629	10221545	iMet	CAT	0	0	22.7	
ctg_8   	2	10161140	10161069	Undet	NNN	0	0	22.0	pseudo
ctg_8   	3	8248604 	8248525 	Cys	ACA	0	0	27.7	pseudo
ctg_8   	4	1432327 	1432257 	Gly	GCC	0	0	57.1	
ctg_9   	1	11164395	11164468	Asp	ATC	0	0	30.6	
ctg_9   	2	12165489	12165560	Leu	AAG	0	0	28.2	pseudo
ctg_9   	3	12778148	12778219	Trp	CCA	0	0	27.0	pseudo
ctg_9   	4	14872876	14872947	Ile	TAT	0	0	58.3	
ctg_9   	5	16021165	16021094	Asn	GTT	0	0	73.9	
ctg_9   	6	8507958 	8507888 	Gly	GCC	0	0	66.5	
ctg_10  	1	543501  	543574  	Cys	ACA	0	0	45.6	pseudo
ctg_10  	2	1190914 	1190986 	Met	CAT	0	0	46.5	
ctg_10  	3	3804978 	3805048 	Tyr	GTA	0	0	30.1	pseudo
ctg_10  	4	4416614 	4416687 	Val	AAC	0	0	72.9	
ctg_10  	5	9845673 	9845745 	Glu	CTC	0	0	74.4	
ctg_10  	6	11954899	11954970	iMet	CAT	0	0	57.5	
ctg_10  	7	11961779	11961850	iMet	CAT	0	0	58.3	
ctg_10  	8	14717269	14717342	Glu	TTC	0	0	20.1	pseudo
ctg_10  	9	15238658	15238731	Ile	TAT	0	0	85.9	
ctg_10  	10	15249078	15249149	Gln	CTG	0	0	75.3	
ctg_10  	11	15524963	15525034	His	GTG	0	0	63.0	
ctg_10  	12	15680967	15680896	His	ATG	0	0	21.8	pseudo
ctg_10  	13	14119545	14119474	Trp	CCA	0	0	75.1	
ctg_10  	14	14116395	14116324	Lys	TTT	0	0	92.3	
ctg_10  	15	13429633	13429561	His	ATG	0	0	40.3	
ctg_10  	16	12446314	12446248	Undet	NNN	0	0	42.0	
ctg_10  	17	10333349	10333269	Ser	AGA	0	0	59.9	
ctg_10  	18	7396733 	7396657 	Met	CAT	0	0	22.4	pseudo
ctg_10  	19	6820404 	6820323 	Leu	TAG	0	0	21.3	pseudo
ctg_10  	20	297856  	297785  	Asp	GTC	0	0	59.7	
ctg_11  	1	847220  	847292  	Glu	CTC	0	0	79.2	
ctg_11  	2	1479597 	1479668 	Pro	TGG	0	0	68.5	
ctg_11  	3	1772120 	1772189 	Cys	GCA	0	0	40.6	
ctg_11  	4	3502432 	3502502 	Gly	GCC	0	0	66.5	
ctg_11  	5	3894459 	3894529 	Undet	NNN	0	0	27.0	pseudo
ctg_11  	6	3894705 	3894775 	Gly	GCC	0	0	66.5	
ctg_11  	7	4086366 	4086447 	Ser	CGA	0	0	78.9	
ctg_11  	8	4391797 	4391870 	Thr	AGT	0	0	76.0	
ctg_11  	9	8018570 	8018642 	Arg	CCT	0	0	69.1	
ctg_11  	10	9143628 	9143698 	Asp	GTC	0	0	45.8	
ctg_11  	11	9994366 	9994437 	Tyr	ATA	0	0	26.3	pseudo
ctg_11  	12	10823076	10823159	Met	CAT	10823114	10823123	64.3	
ctg_11  	13	11868198	11868273	Gln	TTG	0	0	34.3	pseudo
ctg_11  	14	12848066	12848143	iMet	CAT	0	0	24.8	pseudo
ctg_11  	15	12879144	12879216	Ala	CGC	0	0	68.3	
ctg_11  	16	14463637	14463709	Arg	CCT	0	0	65.9	
ctg_11  	17	14558936	14558865	Pro	AGG	0	0	67.4	
ctg_11  	18	14124719	14124646	Ile	AAT	0	0	81.8	
ctg_11  	19	13194645	13194566	Leu	TAG	0	0	69.5	
ctg_11  	20	13060282	13060211	Trp	CCA	0	0	75.8	
ctg_11  	21	12657428	12657357	His	GTG	0	0	63.0	
ctg_11  	22	12391442	12391371	Gln	TTG	0	0	73.5	
ctg_11  	23	10950185	10950113	Lys	CTT	0	0	86.8	
ctg_11  	24	9464794 	9464713 	Ser	CGA	0	0	78.2	
ctg_11  	25	8185996 	8185926 	Gly	TCC	0	0	55.9	
ctg_11  	26	8038225 	8038154 	Gly	TCC	0	0	73.9	
ctg_11  	27	7107880 	7107809 	Asp	GTC	0	0	69.8	
ctg_11  	28	6376941 	6376870 	Asp	GTC	0	0	69.8	
ctg_11  	29	5649561 	5649489 	Arg	CCT	0	0	71.7	
ctg_11  	30	3303337 	3303247 	Sup	TTA	3303302	3303279	22.3	pseudo
ctg_11  	31	2859105 	2859033 	Phe	GAA	0	0	78.3	
ctg_11  	32	1749292 	1749221 	Trp	CCA	0	0	59.4	
ctg_11  	33	1320919 	1320848 	Glu	TTC	0	0	72.0	
ctg_11  	34	1112724 	1112641 	Leu	CAA	0	0	81.0	
ctg_12  	1	20681   	20751   	Val	GAC	0	0	24.3	pseudo
ctg_12  	2	2455851 	2455923 	Arg	CCG	0	0	65.5	
ctg_12  	3	6355028 	6355100 	Arg	ACG	0	0	71.7	
ctg_12  	4	14485054	14485125	Asp	GTC	0	0	61.4	
ctg_12  	5	14622389	14622460	Tyr	ATA	0	0	45.8	
ctg_12  	6	10076721	10076650	Thr	AGT	0	0	21.9	pseudo
ctg_12  	7	5289205 	5289134 	Gly	TCC	0	0	73.9	
ctg_12  	8	4603505 	4603432 	Met	CAT	0	0	58.4	
ctg_12  	9	4566956 	4566875 	Ser	GCT	0	0	80.5	
ctg_12  	10	3930414 	3930334 	Ser	GCT	0	0	76.0	
ctg_12  	11	2815787 	2815716 	His	ATG	0	0	29.2	pseudo
ctg_12  	12	2570923 	2570850 	Ile	AAT	0	0	81.8	
ctg_13  	1	837055  	837145  	Asp	GTC	0	0	20.8	
ctg_13  	2	12919574	12919494	Leu	CAG	0	0	69.5	
ctg_13  	3	10142876	10142805	Glu	TTC	0	0	22.3	pseudo
ctg_14  	1	3649958 	3650033 	Phe	AAA	0	0	20.8	pseudo
ctg_14  	2	3708441 	3708521 	Ser	TGA	0	0	82.2	
ctg_14  	3	3904563 	3904644 	Ser	GCT	0	0	80.5	
ctg_14  	4	4258523 	4258596 	His	GTG	0	0	29.2	
ctg_14  	5	10192743	10192813	Cys	ACA	0	0	29.0	pseudo
ctg_14  	6	10725693	10725763	Thr	AGT	0	0	22.1	
ctg_14  	7	10937398	10937471	Met	CAT	0	0	24.8	pseudo
ctg_14  	8	10142756	10142675	Ser	TGA	0	0	80.7	
ctg_14  	9	7161234 	7161153 	Sup	TTA	7161199	7161186	23.6	pseudo
ctg_14  	10	5104678 	5104606 	Lys	TTT	0	0	30.5	
ctg_14  	11	1570989 	1570916 	Met	CAT	0	0	49.9	
ctg_15  	1	4139795 	4139867 	Arg	CCT	0	0	31.4	pseudo
ctg_15  	2	4376104 	4376173 	Asp	GTC	0	0	43.7	
ctg_15  	3	6952334 	6952418 	Met	CAT	6952372	6952382	64.2	
ctg_15  	4	9563510 	9563583 	Asn	GTT	0	0	83.9	
ctg_15  	5	11008736	11008808	Ala	AGC	0	0	63.4	
ctg_15  	6	11722468	11722551	Leu	CAA	0	0	78.6	
ctg_15  	7	9693638 	9693566 	Arg	ACG	0	0	71.7	
ctg_15  	8	9560577 	9560504 	Val	AAC	0	0	73.2	
ctg_15  	9	2955561 	2955480 	Leu	TAG	0	0	22.7	pseudo
ctg_15  	10	59067   	58996   	His	ATG	0	0	41.9	pseudo
ctg_16  	1	469099  	469181  	Tyr	GTA	0	0	63.3	
ctg_16  	2	6930184 	6930256 	Glu	CTC	0	0	78.9	
ctg_16  	3	7677449 	7677377 	Ala	AGC	0	0	63.4	
ctg_16  	4	7643833 	7643762 	Pro	AGG	0	0	67.4	
ctg_16  	5	6061567 	6061496 	Asp	GTC	0	0	65.5	
ctg_16  	6	2609705 	2609633 	Ala	AGC	0	0	63.4	
ctg_16  	7	1130451 	1130381 	Gly	GCC	0	0	66.5	
ctg_16  	8	624718  	624629  	Tyr	GTA	624681	624665	74.3	
ctg_17  	1	1771449 	1771609 	Leu	TAA	1771488	1771571	22.1	pseudo
ctg_17  	2	4353602 	4353675 	Ala	TGC	0	0	22.5	pseudo
ctg_17  	3	4608124 	4608195 	Gln	CTG	0	0	72.9	
ctg_17  	4	4902539 	4902611 	Arg	TCT	0	0	67.3	
ctg_17  	5	6719357 	6719428 	Leu	AAG	0	0	26.0	pseudo
ctg_17  	6	9627563 	9627634 	Asn	GTT	0	0	69.3	
ctg_17  	7	10550128	10550199	Phe	AAA	0	0	24.2	
ctg_17  	8	10954880	10954951	Asp	GTC	0	0	21.4	
ctg_17  	9	10076733	10076661	Val	GAC	0	0	33.6	pseudo
ctg_17  	10	9875000 	9874928 	Phe	GAA	0	0	78.3	
ctg_17  	11	9211184 	9211113 	Trp	CCA	0	0	75.8	
ctg_17  	12	7284975 	7284904 	Pro	CGG	0	0	65.1	
ctg_17  	13	7284548 	7284477 	Pro	TGG	0	0	68.5	
ctg_17  	14	7283974 	7283903 	Pro	AGG	0	0	67.4	
ctg_17  	15	7283530 	7283459 	Pro	CGG	0	0	49.8	
ctg_17  	16	7283047 	7282976 	Pro	TGG	0	0	68.5	
ctg_17  	17	7282237 	7282166 	Pro	AGG	0	0	67.4	
ctg_17  	18	7281799 	7281728 	Pro	CGG	0	0	65.1	
ctg_17  	19	7281369 	7281298 	Pro	TGG	0	0	54.7	
ctg_17  	20	7280589 	7280518 	Pro	AGG	0	0	67.4	
ctg_17  	21	7280144 	7280068 	Pro	CGG	0	0	28.1	
ctg_17  	22	7279746 	7279675 	Pro	TGG	0	0	68.5	
ctg_17  	23	7278212 	7278141 	Pro	AGG	0	0	52.1	
ctg_17  	24	7277812 	7277741 	Pro	TGG	0	0	60.1	
ctg_17  	25	7276778 	7276707 	Pro	AGG	0	0	67.4	
ctg_17  	26	7276161 	7276090 	Pro	TGG	0	0	68.5	
ctg_17  	27	7275157 	7275086 	Pro	TGG	0	0	68.5	
ctg_17  	28	7274118 	7274041 	Pro	TGG	0	0	42.9	
ctg_17  	29	7273056 	7272985 	Pro	TGG	0	0	68.5	
ctg_17  	30	4037134 	4037061 	Ile	AAT	0	0	81.8	
ctg_17  	31	3663073 	3662993 	Leu	AAG	0	0	74.0	
ctg_17  	32	3239024 	3238953 	Gln	CTG	0	0	75.3	
ctg_17  	33	2029028 	2028945 	Leu	CAA	0	0	81.0	
ctg_17  	34	871218  	871142  	Tyr	ATA	0	0	27.7	pseudo
ctg_18  	1	8451095 	8451176 	Ser	AGA	0	0	77.1	
ctg_18  	2	8720539 	8720610 	Lys	TTT	0	0	91.1	
ctg_18  	3	8851774 	8851847 	Lys	TTT	0	0	60.3	
ctg_18  	4	10015440	10015511	Pro	AGG	0	0	59.9	
ctg_18  	5	10014833	10014765	Asp	GTC	0	0	44.1	
ctg_18  	6	10003771	10003700	Asp	GTC	0	0	69.8	
ctg_18  	7	8232312 	8232241 	Tyr	ATA	0	0	31.9	pseudo
ctg_18  	8	4567763 	4567683 	Sup	TTA	4567728	4567715	21.4	pseudo
ctg_19  	1	883503  	883575  	Ala	AGC	0	0	63.4	
ctg_19  	2	3124543 	3124614 	Asp	GTC	0	0	69.8	
ctg_19  	3	3992417 	3992506 	Tyr	GTA	3992454	3992470	74.3	
ctg_19  	4	4480446 	4480519 	Asn	GTT	0	0	84.5	
ctg_19  	5	5512117 	5512196 	Sup	CTA	0	0	20.1	pseudo
ctg_19  	6	6135879 	6135961 	Leu	TAA	0	0	70.7	
ctg_19  	7	6247614 	6247686 	Arg	TCT	0	0	68.5	
ctg_19  	8	8640546 	8640616 	Gly	TCC	0	0	49.5	
ctg_19  	9	8837057 	8837130 	Val	CAC	0	0	81.5	
ctg_19  	10	8949257 	8949338 	Ser	GCT	0	0	80.5	
ctg_19  	11	8863987 	8863916 	Asp	GTC	0	0	69.8	
ctg_19  	12	8380784 	8380711 	Val	AAC	0	0	72.9	
ctg_19  	13	6426107 	6426035 	Val	TAC	0	0	71.2	
ctg_19  	14	6244815 	6244734 	Ser	GCT	0	0	79.9	
ctg_19  	15	3985117 	3985034 	Leu	CAA	0	0	81.0	
ctg_19  	16	2602851 	2602779 	Val	TAC	0	0	78.2	
ctg_19  	17	1392029 	1391952 	Asp	GTC	0	0	28.3	pseudo
ctg_20  	1	2965160 	2965239 	Gln	TTG	0	0	24.7	
ctg_20  	2	8478738 	8478809 	Asn	GTT	0	0	56.1	
ctg_20  	3	9064964 	9065035 	Asp	GTC	0	0	56.8	
ctg_20  	4	4965374 	4965304 	Glu	TTC	0	0	34.9	
ctg_20  	5	3726654 	3726573 	Leu	TAA	3726618	3726608	23.9	
ctg_21  	1	3264798 	3264706 	Ser	TGA	0	0	60.5	
ctg_21  	2	996603  	996533  	Gly	GCC	0	0	66.5	
ctg_21  	3	811380  	811307  	Asn	GTT	0	0	84.5	
ctg_21  	4	399545  	399477  	Sup	TCA	0	0	24.3	pseudo
ctg_22  	1	8246209 	8246138 	Tyr	ATA	0	0	37.1	pseudo
ctg_23  	1	2812189 	2812262 	Asn	GTT	0	0	84.5	
ctg_23  	2	7268627 	7268698 	Tyr	ATA	0	0	48.2	
ctg_23  	3	7814715 	7814786 	Asn	ATT	0	0	76.1	
ctg_23  	4	7741943 	7741862 	Leu	TAA	7741907	7741897	28.6	
ctg_24  	1	884831  	884902  	Asp	GTC	0	0	69.8	
ctg_24  	2	3542518 	3542591 	Asp	ATC	0	0	56.1	
ctg_24  	3	4110178 	4110249 	Tyr	ATA	0	0	35.7	pseudo
ctg_24  	4	8472740 	8472667 	Val	GAC	0	0	30.4	pseudo
ctg_24  	5	2574607 	2574537 	Asp	GTC	0	0	26.6	
ctg_25  	1	3977968 	3978039 	Asp	GTC	0	0	21.7	pseudo
ctg_25  	2	4445199 	4445282 	Met	CAT	4445237	4445246	64.3	
ctg_25  	3	4466051 	4466143 	Tyr	GTA	4466088	4466107	74.2	
ctg_25  	4	5630993 	5631064 	Gln	TTG	0	0	74.2	
ctg_25  	5	8116371 	8116288 	Leu	CAA	0	0	81.0	
ctg_25  	6	7624620 	7624548 	Ala	AGC	0	0	63.4	
ctg_25  	7	6288867 	6288796 	Gln	TTG	0	0	73.5	
ctg_25  	8	5020809 	5020738 	Trp	CCA	0	0	75.8	
ctg_25  	9	1812888 	1812817 	Ile	AAT	0	0	30.2	pseudo
ctg_25  	10	1069381 	1069294 	Ser	CGA	0	0	59.7	
ctg_26  	1	1019315 	1019386 	Arg	TCT	0	0	58.3	
ctg_26  	2	3154261 	3154334 	Thr	AGT	0	0	76.0	
ctg_26  	3	5759332 	5759400 	Asn	GTT	0	0	49.9	
ctg_26  	4	8988352 	8988423 	iMet	CAT	0	0	50.1	
ctg_26  	5	6020980 	6020909 	His	ATG	0	0	35.6	pseudo
ctg_26  	6	1424489 	1424417 	Arg	ACG	0	0	63.7	
ctg_27  	1	621076  	621147  	Ala	AGC	0	0	29.7	
ctg_27  	2	4904171 	4904250 	Lys	TTT	0	0	33.6	pseudo
ctg_27  	3	5357659 	5357590 	Thr	TGT	0	0	58.4	
ctg_27  	4	5191903 	5191832 	His	ATG	0	0	23.2	pseudo
ctg_27  	5	1982675 	1982604 	Asp	GTC	0	0	30.8	
ctg_28  	1	335470  	335541  	Lys	TTT	0	0	92.3	
ctg_28  	2	2726172 	2726245 	Val	AAC	0	0	67.5	
ctg_28  	3	3021181 	3021252 	Arg	TCT	0	0	20.0	pseudo
ctg_28  	4	4576176 	4576247 	Glu	TTC	0	0	72.0	
ctg_28  	5	6594893 	6594965 	Ala	AGC	0	0	63.4	
ctg_28  	6	7153733 	7153804 	His	ATG	0	0	27.8	pseudo
ctg_28  	7	8069399 	8069328 	Cys	GCA	0	0	79.9	
ctg_28  	8	6467431 	6467360 	Thr	TGT	0	0	84.5	
ctg_28  	9	6319668 	6319595 	Val	CAC	0	0	81.5	
ctg_28  	10	6310038 	6309967 	Asp	GTC	0	0	69.8	
ctg_28  	11	5742643 	5742563 	Leu	AAG	0	0	74.0	
ctg_28  	12	5110314 	5110242 	Lys	CTT	0	0	87.4	
ctg_28  	13	3456188 	3456117 	Trp	CCA	0	0	75.8	
ctg_28  	14	3038314 	3038242 	Lys	CTT	0	0	86.8	
ctg_28  	15	2301659 	2301588 	Asn	GTT	0	0	66.2	
ctg_29  	1	3829103 	3829174 	Asn	GTT	0	0	76.1	
ctg_29  	2	4223585 	4223658 	His	GTG	0	0	45.1	
ctg_29  	3	5139569 	5139644 	Cys	ACA	0	0	23.3	pseudo
ctg_29  	4	7080370 	7080447 	Leu	AAG	0	0	24.0	
ctg_29  	5	7571418 	7571489 	Tyr	GTA	0	0	26.8	
ctg_29  	6	8094770 	8094697 	Thr	AGT	0	0	76.0	
ctg_29  	7	7647191 	7647118 	His	GTG	0	0	38.8	
ctg_29  	8	5402354 	5402283 	Pro	TGG	0	0	59.8	
ctg_29  	9	4494956 	4494885 	Pro	TGG	0	0	68.5	
ctg_29  	10	4222825 	4222755 	Gly	CCC	0	0	52.6	
ctg_29  	11	3875535 	3875456 	Leu	TAA	0	0	24.6	pseudo
ctg_29  	12	3829864 	3829791 	Arg	ACG	0	0	57.0	
ctg_29  	13	3445280 	3445206 	Undet	NNN	0	0	37.1	
ctg_29  	14	3332955 	3332882 	Met	CAT	0	0	47.6	
ctg_29  	15	1966798 	1966727 	Asp	GTC	0	0	69.8	
ctg_30  	1	3554060 	3554131 	Asp	GTC	0	0	47.1	
ctg_30  	2	5651809 	5651882 	Val	CAC	0	0	82.6	
ctg_30  	3	6650211 	6650286 	Glu	TTC	0	0	24.6	pseudo
ctg_31  	1	243701  	243772  	Asn	GTT	0	0	75.1	
ctg_31  	2	2631978 	2632051 	Met	CAT	0	0	46.6	
ctg_31  	3	2904703 	2904766 	Undet	NNN	0	0	21.6	pseudo
ctg_31  	4	4900327 	4900395 	Asn	GTT	0	0	51.1	
ctg_31  	5	5432087 	5432159 	Arg	TCT	0	0	66.0	
ctg_31  	6	6005051 	6005122 	Undet	NNN	0	0	20.9	pseudo
ctg_31  	7	6712480 	6712554 	Ile	TAT	0	0	20.2	
ctg_31  	8	7471393 	7471466 	Asn	GTT	0	0	84.5	
ctg_31  	9	2818019 	2817951 	Sup	TTA	0	0	24.0	pseudo
ctg_31  	10	2581224 	2581143 	Ser	GCT	0	0	79.9	
ctg_31  	11	678611  	678538  	Ile	AAT	0	0	81.8	
ctg_31  	12	244587  	244510  	Arg	ACG	0	0	46.8	
ctg_32  	1	6425185 	6425256 	Asn	GTT	0	0	67.9	
ctg_32  	2	3413400 	3413329 	Asp	GTC	0	0	68.0	
ctg_32  	3	3411144 	3411073 	Asp	ATC	0	0	28.2	
ctg_33  	1	2820401 	2820473 	Undet	NNN	0	0	21.5	pseudo
ctg_33  	2	6165183 	6165252 	Asp	ATC	0	0	32.3	pseudo
ctg_33  	3	3767954 	3767883 	Ser	GCT	0	0	21.4	pseudo
ctg_33  	4	1501392 	1501320 	Glu	TTC	0	0	28.8	
ctg_34  	1	146485  	146556  	Thr	CGT	0	0	82.2	
ctg_34  	2	1936785 	1936864 	Leu	TAG	0	0	69.5	
ctg_34  	3	2792747 	2792818 	Thr	TGT	0	0	79.4	
ctg_34  	4	3337351 	3337431 	Leu	AAG	0	0	72.6	
ctg_34  	5	3376853 	3376926 	Arg	TCG	0	0	81.9	
ctg_34  	6	4057197 	4057278 	Ser	AGA	0	0	76.3	
ctg_34  	7	4305179 	4305250 	Gln	TTG	0	0	73.5	
ctg_34  	8	5245300 	5245380 	Leu	AAG	0	0	74.0	
ctg_34  	9	5649792 	5649876 	Met	CAT	5649830	5649840	64.2	
ctg_34  	10	7066741 	7066669 	Ala	TGC	0	0	65.5	
ctg_34  	11	6635215 	6635143 	Lys	CTT	0	0	86.8	
ctg_34  	12	2161796 	2161725 	Pro	TGG	0	0	68.5	
ctg_34  	13	1153953 	1153881 	Ala	TGC	0	0	68.8	
ctg_34  	14	1017693 	1017613 	Leu	CAG	0	0	69.5	
ctg_34  	15	886879  	886806  	Ile	AAT	0	0	81.8	
ctg_35  	1	4656192 	4656263 	Cys	GCA	0	0	80.9	
ctg_35  	2	6332767 	6332694 	Val	CAC	0	0	82.4	
ctg_35  	3	4737894 	4737823 	Ala	AGC	0	0	20.0	pseudo
ctg_35  	4	4423001 	4422920 	Sup	TTA	4422966	4422953	20.6	pseudo
ctg_35  	5	1778518 	1778447 	Val	AAC	0	0	21.5	pseudo
ctg_36  	1	41431   	41501   	Asp	GTC	0	0	41.2	
ctg_36  	2	693837  	693764  	Met	CAT	0	0	49.9	
ctg_37  	1	3793390 	3793463 	Val	AAC	0	0	67.3	
ctg_37  	2	4640195 	4640279 	Met	CAT	4640233	4640243	64.3	
ctg_37  	3	6787429 	6787500 	Gly	TCC	0	0	73.9	
ctg_37  	4	3793032 	3792959 	Val	AAC	0	0	73.2	
ctg_38  	1	1469081 	1469152 	Lys	TTT	0	0	91.1	
ctg_38  	2	6028446 	6028373 	Asp	GTC	0	0	61.5	
ctg_38  	3	4490716 	4490645 	iMet	CAT	0	0	42.6	
ctg_38  	4	4284533 	4284462 	iMet	CAT	0	0	42.6	
ctg_38  	5	4037015 	4036944 	iMet	CAT	0	0	42.6	
ctg_38  	6	1348930 	1348859 	Asn	GTT	0	0	66.8	
ctg_39  	1	411370  	411441  	Gly	TCC	0	0	73.9	
ctg_39  	2	1928714 	1928643 	Asn	GTT	0	0	69.8	
ctg_40  	1	2411908 	2411976 	Undet	NNN	0	0	36.8	
ctg_40  	2	5870201 	5870271 	Gly	GCC	0	0	54.8	
ctg_40  	3	6195248 	6195168 	Leu	AAG	0	0	74.0	
ctg_40  	4	5354075 	5353983 	Tyr	GTA	5354038	5354019	74.2	
ctg_40  	5	2134940 	2134868 	Arg	ACG	0	0	71.7	
ctg_40  	6	1628862 	1628790 	His	ATG	0	0	20.2	pseudo
ctg_40  	7	1363154 	1363086 	Sup	TCA	0	0	23.6	
ctg_41  	1	1324410 	1324481 	Asp	GTC	0	0	69.8	
ctg_41  	2	1839993 	1840064 	Thr	CGT	0	0	80.5	
ctg_41  	3	1963814 	1963887 	Asn	GTT	0	0	74.5	
ctg_41  	4	2640090 	2640162 	Ala	TGC	0	0	69.1	
ctg_41  	5	2685721 	2685799 	Val	CAC	2685759	2685763	27.1	
ctg_41  	6	6464445 	6464513 	Asn	GTT	0	0	47.2	pseudo
ctg_41  	7	4955404 	4955333 	Asn	GTT	0	0	74.3	
ctg_42  	1	1508974 	1509053 	Ser	TGA	0	0	26.0	pseudo
ctg_42  	2	3349508 	3349587 	Arg	ACG	0	0	47.0	
ctg_42  	3	3822028 	3822101 	Thr	AGT	0	0	70.9	
ctg_42  	4	4107560 	4107633 	Asn	GTT	0	0	83.9	
ctg_42  	5	4360186 	4360258 	Arg	TCT	0	0	72.3	
ctg_42  	6	4377024 	4377096 	Arg	TCT	0	0	72.3	
ctg_42  	7	3802684 	3802613 	iMet	CAT	0	0	58.3	
ctg_42  	8	3349686 	3349615 	Asn	GTT	0	0	59.1	
ctg_42  	9	579247  	579176  	iMet	CAT	0	0	58.3	
ctg_43  	1	434290  	434371  	Undet	NNN	0	0	25.7	
ctg_43  	2	1925934 	1926015 	Leu	TAA	1925970	1925980	23.9	pseudo
ctg_43  	3	5964251 	5964325 	Glu	TTC	0	0	20.2	pseudo
ctg_44  	1	693278  	693348  	Cys	GCA	0	0	48.4	
ctg_44  	2	1491830 	1491902 	Ala	CGC	0	0	65.9	
ctg_44  	3	2422580 	2422653 	Ile	AAT	0	0	81.8	
ctg_44  	4	3891852 	3891922 	Gly	CCC	0	0	66.3	
ctg_44  	5	4059372 	4059444 	Arg	ACG	0	0	71.7	
ctg_44  	6	4150783 	4150863 	Leu	AAG	0	0	74.0	
ctg_44  	7	5032058 	5032129 	Asp	GTC	0	0	69.8	
ctg_44  	8	5664318 	5664402 	Met	CAT	5664356	5664366	64.3	
ctg_44  	9	5688232 	5688323 	Tyr	GTA	5688269	5688287	74.2	
ctg_44  	10	2974270 	2974198 	Phe	GAA	0	0	78.3	
ctg_44  	11	2908706 	2908634 	Phe	GAA	0	0	78.3	
ctg_44  	12	2487378 	2487305 	Ile	TAT	0	0	82.8	
ctg_44  	13	1977429 	1977358 	Glu	TTC	0	0	72.0	
ctg_44  	14	1482665 	1482584 	Ser	TGA	0	0	80.7	
ctg_45  	1	1023252 	1023181 	Glu	TTC	0	0	72.0	
ctg_46  	1	3715008 	3715079 	Tyr	ATA	0	0	21.4	pseudo
ctg_46  	2	2623602 	2623529 	Asn	GTT	0	0	80.0	
ctg_47  	1	748443  	748514  	Asp	GTC	0	0	45.8	
ctg_47  	2	4752526 	4752455 	iMet	CAT	0	0	41.2	
ctg_48  	1	737508  	737579  	His	ATG	0	0	32.4	pseudo
ctg_48  	2	5424716 	5424792 	Asp	ATC	0	0	43.5	
ctg_48  	3	5552281 	5552352 	Phe	AAA	0	0	21.3	pseudo
ctg_49  	1	1448063 	1448135 	Glu	TTC	0	0	26.9	pseudo
ctg_49  	2	2315121 	2315192 	Gln	TTG	0	0	74.2	
ctg_49  	3	3256908 	3257001 	Tyr	GTA	3256945	3256965	74.2	
ctg_49  	4	4092831 	4092899 	Asn	GTT	0	0	52.1	
ctg_49  	5	2120059 	2119989 	Gly	GCC	0	0	66.5	
ctg_50  	1	3257989 	3257917 	Val	CAC	0	0	34.2	
ctg_50  	2	130525  	130454  	Asn	GTT	0	0	74.2	
ctg_51  	1	541215  	541286  	Asn	ATT	0	0	42.8	pseudo
ctg_51  	2	3146869 	3146942 	Asn	GTT	0	0	80.0	
ctg_51  	3	4131629 	4131558 	Asn	GTT	0	0	69.8	
ctg_51  	4	3701591 	3701522 	Asp	GTC	0	0	25.5	
ctg_51  	5	2929056 	2928981 	Lys	TTT	0	0	53.1	
ctg_52  	1	394353  	394424  	Thr	CGT	0	0	83.0	
ctg_52  	2	1999927 	1999856 	Tyr	ATA	0	0	22.1	pseudo
ctg_53  	1	2548394 	2548465 	Tyr	ATA	0	0	29.7	pseudo
ctg_53  	2	1962689 	1962611 	Ser	CGA	0	0	33.1	pseudo
ctg_54  	1	4149376 	4149305 	Tyr	ATA	0	0	30.0	pseudo
ctg_54  	2	18015   	17940   	Gln	TTG	0	0	23.9	pseudo
ctg_55  	1	1780237 	1780308 	Asn	GTT	0	0	76.1	
ctg_55  	2	4858773 	4858845 	Ala	CGC	0	0	68.3	
ctg_55  	3	3429033 	3428947 	Met	CAT	3428995	3428983	64.2	
ctg_56  	1	2272242 	2272310 	Asn	GTT	0	0	36.8	
ctg_57  	1	983427  	983512  	Lys	TTT	0	0	21.8	
ctg_57  	2	2597739 	2597810 	Cys	ACA	0	0	26.0	pseudo
ctg_57  	3	2667743 	2667815 	Ala	AGC	0	0	63.4	
ctg_57  	4	3325699 	3325780 	Ser	AGA	0	0	76.3	
ctg_57  	5	3416927 	3416999 	Phe	GAA	0	0	78.3	
ctg_57  	6	4382335 	4382406 	Leu	AAG	0	0	42.2	pseudo
ctg_57  	7	4498532 	4498604 	Glu	CTC	0	0	74.4	
ctg_57  	8	3763239 	3763166 	Thr	AGT	0	0	74.7	
ctg_57  	9	2508111 	2508041 	Gly	CCC	0	0	66.0	
ctg_57  	10	1047554 	1047469 	Tyr	GTA	1047517	1047505	74.5	
ctg_57  	11	138850  	138779  	Pro	AGG	0	0	67.4	
ctg_58  	1	4581835 	4581760 	Gln	TTG	0	0	23.9	pseudo
ctg_58  	2	2499482 	2499411 	Ile	TAT	0	0	42.2	
ctg_59  	1	94679   	94752   	Val	AAC	0	0	72.9	
ctg_59  	2	2226886 	2226957 	His	ATG	0	0	38.2	pseudo
ctg_59  	3	3611920 	3611992 	Phe	GAA	0	0	78.3	
ctg_59  	4	3662752 	3662841 	Phe	GAA	0	0	21.4	pseudo
ctg_59  	5	3678003 	3678075 	Phe	GAA	0	0	78.3	
ctg_60  	1	991594  	991665  	Asn	GTT	0	0	74.9	
ctg_60  	2	2290466 	2290539 	Ile	AAT	0	0	82.4	
ctg_60  	3	2668636 	2668712 	Asn	GTT	0	0	42.2	pseudo
ctg_60  	4	3012166 	3012238 	Arg	CCT	0	0	69.1	
ctg_60  	5	4132320 	4132394 	Glu	TTC	0	0	20.2	pseudo
ctg_60  	6	3053406 	3053325 	Ser	AGA	0	0	77.1	
ctg_60  	7	3005040 	3004959 	Ser	GCT	0	0	80.5	
ctg_60  	8	2123073 	2123002 	Tyr	ATA	0	0	41.9	
ctg_60  	9	1471444 	1471373 	Asn	GTT	0	0	78.6	
ctg_60  	10	992360  	992282  	Arg	ACG	0	0	50.2	
ctg_60  	11	531690  	531619  	Asn	ATT	0	0	71.4	
ctg_61  	1	1721221 	1721292 	Cys	GCA	0	0	31.8	pseudo
ctg_61  	2	3838802 	3838873 	Glu	TTC	0	0	60.2	
ctg_61  	3	3866860 	3866784 	Pro	TGG	0	0	33.4	
ctg_61  	4	3734839 	3734763 	Pro	TGG	0	0	36.7	
ctg_61  	5	2500373 	2500302 	His	GTG	0	0	63.0	
ctg_62  	1	3341734 	3341806 	Glu	TTC	0	0	37.2	
ctg_62  	2	3443311 	3443382 	Asn	GTT	0	0	75.1	
ctg_62  	3	3444923 	3444996 	His	GTG	0	0	50.5	
ctg_62  	4	3494392 	3494463 	Gln	TTG	0	0	42.6	
ctg_62  	5	3507604 	3507532 	Lys	TTT	0	0	80.3	
ctg_62  	6	3492233 	3492162 	Glu	TTC	0	0	52.0	
ctg_63  	1	1830898 	1830970 	Ala	TGC	0	0	69.1	
ctg_63  	2	1978529 	1978458 	Asn	ATT	1978493	1978491	28.6	pseudo
ctg_64  	1	1813522 	1813851 	Ser	GCT	1813560	1813808	26.7	
ctg_64  	2	3643202 	3643270 	Sup	TCA	0	0	20.8	pseudo
ctg_64  	3	4012156 	4012224 	Ser	CGA	0	0	20.2	pseudo
ctg_65  	1	1640307 	1640378 	Asn	GTT	0	0	76.1	
ctg_66  	1	386017  	386088  	Trp	CCA	0	0	75.8	
ctg_66  	2	432032  	432102  	Gly	CCC	0	0	66.3	
ctg_66  	3	3810464 	3810393 	Asp	GTC	0	0	69.8	
ctg_66  	4	2834065 	2833994 	Asp	GTC	0	0	69.8	
ctg_66  	5	2730955 	2730884 	Pro	TGG	0	0	69.2	
ctg_66  	6	1552295 	1552223 	Arg	CCT	0	0	69.1	
ctg_66  	7	813156  	813084  	Ala	CGC	0	0	68.3	
ctg_66  	8	644741  	644670  	Gln	CTG	0	0	74.3	
ctg_67  	1	3665000 	3665073 	Val	AAC	0	0	72.9	
ctg_67  	2	3611516 	3611440 	Asn	GTT	0	0	68.9	
ctg_67  	3	977969  	977898  	Asn	ATT	977933	977931	35.3	
ctg_68  	1	3486457 	3486385 	Ala	AGC	0	0	63.4	
ctg_69  	1	2512605 	2512676 	Glu	TTC	0	0	62.1	
ctg_69  	2	2247654 	2247582 	Glu	CTC	0	0	77.0	
ctg_69  	3	1112612 	1112542 	His	ATG	0	0	41.8	pseudo
ctg_70  	1	3106125 	3106053 	Phe	GAA	0	0	78.3	
ctg_70  	2	2053535 	2053464 	Cys	ACA	0	0	43.2	
ctg_70  	3	1241608 	1241538 	Ser	AGA	0	0	21.1	pseudo
ctg_70  	4	737584  	737503  	Sup	TCA	737548	737535	31.1	
ctg_71  	1	1557801 	1557729 	Arg	TCT	0	0	70.4	
ctg_71  	2	275822  	275751  	Pro	AGG	0	0	67.4	
ctg_72  	1	3000888 	3000807 	Asn	GTT	0	0	20.0	pseudo
ctg_73  	1	732859  	732931  	Phe	GAA	0	0	78.3	
ctg_73  	2	2239260 	2239331 	Gly	TCC	0	0	73.9	
ctg_73  	3	2396226 	2396298 	Arg	CCG	0	0	48.3	
ctg_73  	4	2991621 	2991694 	Thr	AGT	0	0	74.7	
ctg_73  	5	1452500 	1452428 	Lys	CTT	0	0	84.3	
ctg_74  	1	2269569 	2269496 	Val	AAC	0	0	72.9	
ctg_75  	1	858921  	858992  	Asn	GTT	0	0	64.1	
ctg_75  	2	2948278 	2948358 	Sup	TTA	2948313	2948326	20.4	pseudo
ctg_75  	3	3118615 	3118683 	Asn	GTT	0	0	52.1	
ctg_76  	1	996384  	996479  	Tyr	GTA	996421	996443	58.3	
ctg_76  	2	1461918 	1461994 	His	ATG	0	0	35.2	
ctg_76  	3	1585369 	1585441 	Glu	CTC	0	0	80.2	
ctg_76  	4	1727262 	1727332 	Gly	GCC	0	0	66.5	
ctg_76  	5	2162200 	2162271 	Glu	TTC	0	0	72.0	
ctg_76  	6	2364833 	2364762 	Gln	CTG	0	0	72.9	
ctg_76  	7	1995563 	1995492 	His	GTG	0	0	63.0	
ctg_77  	1	655477  	655548  	Lys	TTT	0	0	91.1	
ctg_77  	2	930029  	930100  	His	ATG	0	0	50.7	
ctg_77  	3	967808  	967879  	Thr	AGT	0	0	20.8	pseudo
ctg_77  	4	3199117 	3199041 	Asn	ATT	0	0	33.0	pseudo
ctg_77  	5	1242746 	1242676 	iMet	CAT	0	0	44.3	
ctg_78  	1	2386799 	2386872 	Asn	GTT	0	0	75.0	
ctg_78  	2	3175500 	3175438 	Trp	CCA	0	0	20.5	pseudo
ctg_78  	3	1891879 	1891806 	Ile	AAT	0	0	81.8	
ctg_78  	4	1264896 	1264825 	His	GTG	0	0	63.0	
ctg_79  	1	360977  	360898  	Leu	TAA	360943	360930	23.8	
ctg_80  	1	2032993 	2033063 	Gly	CCC	0	0	32.2	
ctg_80  	2	1862146 	1862073 	Val	AAC	0	0	72.9	
ctg_80  	3	320327  	320256  	Gly	TCC	0	0	73.9	
ctg_81  	1	1871379 	1871451 	Glu	CTC	0	0	79.9	
ctg_81  	2	1900584 	1900513 	Glu	TTC	0	0	37.4	
ctg_81  	3	1428448 	1428373 	Met	CAT	0	0	21.1	pseudo
ctg_82  	1	1757165 	1757236 	Glu	TTC	0	0	72.0	
ctg_82  	2	2301877 	2301806 	Glu	TTC	0	0	72.0	
ctg_83  	1	1654988 	1655071 	Leu	CAA	0	0	76.7	
ctg_83  	2	2410299 	2410379 	His	ATG	0	0	30.9	pseudo
ctg_83  	3	2721648 	2721719 	Glu	TTC	0	0	72.0	
ctg_84  	1	1312541 	1312470 	Undet	NNN	0	0	27.3	pseudo
ctg_85  	1	2805280 	2805353 	Ile	TAT	0	0	85.9	
ctg_85  	2	2193487 	2193414 	Thr	AGT	0	0	40.1	
ctg_87  	1	1071559 	1071637 	Arg	ACG	0	0	55.5	
ctg_87  	2	2510522 	2510600 	His	ATG	0	0	49.2	
ctg_87  	3	1689173 	1689093 	Asp	GTC	0	0	32.6	pseudo
ctg_87  	4	1072326 	1072254 	Asn	GTT	0	0	47.3	
ctg_88  	1	892702  	892775  	Asn	GTT	0	0	77.6	
ctg_88  	2	1621943 	1621863 	Leu	AAG	0	0	74.0	
ctg_89  	1	832879  	832952  	Ala	TGC	0	0	24.1	pseudo
ctg_91  	1	43629   	43702   	Val	GAC	0	0	33.0	pseudo
ctg_91  	2	926895  	926965  	Gly	ACC	0	0	35.3	pseudo
ctg_91  	3	931564  	931634  	Gly	GCC	0	0	39.3	
ctg_91  	4	986916  	986846  	Undet	NNN	0	0	23.3	pseudo
ctg_91  	5	981301  	981232  	Gly	GCC	0	0	23.4	pseudo
ctg_91  	6	938298  	938228  	Undet	NNN	0	0	23.3	pseudo
ctg_91  	7	932159  	932089  	Undet	NNN	0	0	38.9	
ctg_91  	8	404138  	404066  	Val	CAC	0	0	21.1	pseudo
ctg_92  	1	1100956 	1100885 	Ala	AGC	0	0	22.4	pseudo
ctg_94  	1	618933  	618862  	Ile	TAT	0	0	47.0	
ctg_95  	1	835885  	835956  	Trp	CCA	0	0	75.8	
ctg_95  	2	1291898 	1291826 	Ala	TGC	0	0	60.0	
ctg_97  	1	845458  	845525  	Ser	CGA	0	0	21.8	pseudo
ctg_98  	1	444274  	444353  	Gln	CTG	0	0	21.3	pseudo
ctg_98  	2	1059336 	1059255 	Undet	NNN	0	0	21.4	pseudo
ctg_99  	1	368073  	368146  	Val	CAC	0	0	82.4	
ctg_99  	2	1020521 	1020450 	Cys	GCA	0	0	78.8	
ctg_99  	3	503546  	503475  	Tyr	ATA	0	0	28.7	pseudo
ctg_99  	4	80345   	80264   	Ser	AGA	0	0	77.1	
ctg_101 	1	233787  	233859  	Lys	CTT	0	0	86.8	
ctg_101 	2	1305529 	1305601 	Phe	GAA	0	0	78.3	
ctg_101 	3	1441184 	1441257 	Asp	GTC	0	0	29.4	pseudo
ctg_101 	4	1810089 	1810176 	Ser	GGA	0	0	64.1	
ctg_101 	5	1811448 	1811376 	Thr	TGT	0	0	70.3	
ctg_101 	6	1568922 	1568841 	Ser	AGA	0	0	79.4	
ctg_101 	7	1437787 	1437714 	Asp	GTC	0	0	27.4	pseudo
ctg_101 	8	1019775 	1019704 	Gln	CTG	0	0	75.3	
ctg_101 	9	695294  	695221  	Thr	AGT	0	0	74.7	
ctg_102 	1	1575955 	1576027 	Arg	CCG	0	0	65.5	
ctg_102 	2	1262101 	1262030 	Asp	GTC	0	0	64.1	
ctg_105 	1	1399971 	1399900 	Asn	GTT	0	0	75.8	
ctg_107 	1	440900  	440973  	Met	CAT	0	0	34.2	
ctg_107 	2	447345  	447272  	His	GTG	0	0	44.2	
ctg_108 	1	17219   	17302   	Leu	CAA	0	0	78.6	
ctg_109 	1	1244179 	1244108 	His	GTG	0	0	63.0	
ctg_111 	1	1293037 	1293109 	Phe	GAA	0	0	30.4	
ctg_113 	1	658360  	658432  	Val	TAC	0	0	78.2	
ctg_114 	1	1295809 	1295741 	Asp	GTC	0	0	46.8	
ctg_115 	1	1389985 	1389917 	Asn	GTT	0	0	52.1	
ctg_116 	1	144599  	144670  	iMet	CAT	0	0	57.5	
ctg_116 	2	522350  	522421  	Gly	TCC	0	0	73.9	
ctg_116 	3	832305  	832396  	Tyr	GTA	832342	832360	74.2	
ctg_117 	1	864817  	864742  	Gln	TTG	0	0	28.1	pseudo
ctg_118 	1	941466  	941553  	Ser	GCT	0	0	42.8	
ctg_118 	2	941785  	941859  	Phe	GAA	0	0	48.8	
ctg_118 	3	530679  	530603  	Thr	GGT	0	0	52.5	
ctg_118 	4	5058    	4985    	Val	GAC	0	0	33.0	pseudo
ctg_119 	1	412157  	412225  	Asn	GTT	0	0	49.4	
ctg_123 	1	553402  	553477  	Gln	TTG	0	0	31.3	pseudo
ctg_123 	2	742740  	742672  	Asn	GTT	0	0	37.8	
ctg_124 	1	1169473 	1169541 	Asn	GTT	0	0	52.1	
ctg_125 	1	867697  	867768  	Asp	GTC	0	0	41.7	
ctg_125 	2	1104192 	1104121 	iMet	CAT	0	0	61.1	
ctg_127 	1	867996  	868077  	Undet	NNN	0	0	21.6	pseudo
ctg_128 	1	24354   	24427   	Ile	TAT	0	0	85.9	
ctg_129 	1	1060643 	1060714 	Leu	AAG	0	0	35.1	
ctg_129 	2	532     	461     	Tyr	ATA	0	0	42.3	
ctg_130 	1	199318  	199389  	Asp	GTC	0	0	68.0	
ctg_130 	2	201713  	201791  	Asp	GTC	201750	201756	43.1	
ctg_132 	1	103065  	103135  	Gly	GCC	0	0	66.5	
ctg_132 	2	1152075 	1152004 	Tyr	ATA	0	0	33.1	pseudo
ctg_136 	1	821136  	821207  	Cys	GCA	0	0	82.1	
ctg_139 	1	127001  	126928  	Val	GAC	0	0	38.5	pseudo
ctg_140 	1	101303  	101373  	Gly	GCC	0	0	66.5	
ctg_140 	2	110513  	110584  	Asn	GTT	0	0	76.1	
ctg_141 	1	403905  	403983  	Arg	ACG	0	0	45.4	pseudo
ctg_141 	2	668311  	668225  	Met	CAT	668273	668261	64.2	
ctg_141 	3	404503  	404427  	Asn	GTT	0	0	57.2	
ctg_143 	1	750889  	750816  	Met	CAT	0	0	37.6	
ctg_145 	1	19964   	19902   	Trp	CCA	0	0	20.5	pseudo
ctg_150 	1	156382  	156452  	Cys	GCA	0	0	46.3	
ctg_150 	2	182420  	182493  	Met	CAT	0	0	54.5	
ctg_150 	3	435864  	435937  	Met	CAT	0	0	49.9	
ctg_150 	4	523800  	523871  	Glu	TTC	0	0	60.2	
ctg_150 	5	778721  	778801  	Leu	CAA	0	0	51.2	
ctg_150 	6	805566  	805495  	Asn	GTT	0	0	75.1	
ctg_150 	7	803952  	803879  	His	GTG	0	0	50.5	
ctg_150 	8	759326  	759239  	Ser	GCT	0	0	43.5	
ctg_150 	9	759007  	758934  	Phe	GAA	0	0	61.5	
ctg_150 	10	758686  	758612  	Pro	TGG	0	0	62.8	
ctg_150 	11	679545  	679472  	Met	CAT	0	0	49.9	
ctg_150 	12	571606  	571534  	Met	CAT	0	0	46.3	
ctg_150 	13	521608  	521537  	Gln	TTG	0	0	50.5	
ctg_150 	14	313779  	313707  	Met	CAT	0	0	54.9	
ctg_150 	15	204198  	204125  	Met	CAT	0	0	65.8	
ctg_150 	16	143860  	143788  	Lys	TTT	0	0	80.3	
ctg_150 	17	4374    	4301    	Met	CAT	0	0	65.8	
ctg_156 	1	695481  	695552  	Asn	GTT	0	0	76.1	
ctg_156 	2	340249  	340177  	Phe	GAA	0	0	29.4	pseudo
ctg_157 	1	552820  	552749  	Asn	GTT	0	0	75.8	
ctg_165 	1	606012  	606083  	Asn	GTT	0	0	68.6	
ctg_171 	1	347887  	347958  	Undet	NNN	0	0	24.9	pseudo
ctg_171 	2	649621  	649692  	Undet	NNN	0	0	33.1	
ctg_173 	1	202659  	202578  	Ser	GCT	0	0	80.5	
ctg_174 	1	398384  	398454  	Gly	CCC	0	0	66.0	
ctg_176 	1	300528  	300607  	Ser	TGA	0	0	26.0	pseudo
ctg_178 	1	313603  	313523  	Sup	TTA	313568	313555	21.1	pseudo
ctg_182 	1	86476   	86405   	Cys	ACA	0	0	34.0	pseudo
ctg_184 	1	163337  	163265  	His	ATG	0	0	42.9	
ctg_188 	1	126217  	126298  	Met	CAT	0	0	39.2	
ctg_191 	1	121867  	121787  	Leu	CAA	0	0	53.1	
ctg_196 	1	24343   	24416   	Ile	TAT	0	0	85.9	
ctg_198 	1	52058   	51987   	Gly	ACC	0	0	21.7	pseudo
ctg_202 	1	371376  	371303  	Asn	GTT	0	0	84.5	
ctg_206 	1	492082  	492153  	Asp	GTC	0	0	69.8	
ctg_210 	1	273316  	273387  	Gly	TCC	0	0	73.9	
ctg_212 	1	251140  	251211  	iMet	CAT	0	0	49.7	
ctg_213 	1	270608  	270537  	Trp	CCA	0	0	75.8	
ctg_235 	1	5332    	5403    	Asp	GTC	0	0	69.8	
ctg_236 	1	345493  	345564  	Tyr	ATA	345529	345531	24.7	pseudo
ctg_238 	1	356245  	356174  	Asn	GTT	0	0	66.8	
ctg_240 	1	62752   	62681   	iMet	CAT	0	0	51.0	
ctg_245 	1	307537  	307467  	Gly	CCC	0	0	66.0	
ctg_248 	1	218776  	218705  	Leu	AAG	0	0	31.5	
ctg_262 	1	315521  	315592  	Phe	AAA	0	0	32.5	pseudo
ctg_268 	1	6687    	6609    	Gln	TTG	0	0	24.4	pseudo
ctg_272 	1	8407    	8345    	Trp	CCA	0	0	20.5	pseudo
ctg_274 	1	217427  	217356  	iMet	CAT	0	0	31.3	
ctg_276 	1	246215  	246286  	Asn	ATT	0	0	24.1	pseudo
ctg_279 	1	129865  	129793  	Val	CAC	0	0	34.2	
ctg_283 	1	156931  	156865  	Met	CAT	0	0	21.3	pseudo
ctg_285 	1	251462  	251538  	Asn	ATT	0	0	33.0	pseudo
ctg_293 	1	103604  	103532  	Phe	GAA	0	0	73.3	
ctg_293 	2	102616  	102544  	Phe	GAA	0	0	78.6	
ctg_301 	1	48129   	48200   	Val	GAC	0	0	53.3	
ctg_301 	2	55939   	56017   	Arg	ACG	0	0	56.5	
ctg_301 	3	91279   	91350   	Asn	GTT	0	0	76.1	
ctg_301 	4	106117  	106197  	Leu	CAA	0	0	55.6	
ctg_301 	5	114075  	114148  	Met	CAT	0	0	61.9	
ctg_301 	6	128098  	128169  	Arg	TCT	0	0	58.3	
ctg_301 	7	147287  	147357  	Cys	GCA	0	0	61.2	
ctg_301 	8	152531  	152602  	Thr	GGT	0	0	58.2	
ctg_301 	9	158213  	158283  	Gly	GCC	0	0	61.0	
ctg_301 	10	166698  	166785  	Ser	GGA	0	0	64.1	
ctg_301 	11	170549  	170621  	Phe	GAA	0	0	65.2	
ctg_301 	12	174949  	175021  	Met	CAT	0	0	51.7	
ctg_301 	13	224464  	224535  	Val	GAC	0	0	53.3	
ctg_301 	14	232277  	232355  	Arg	ACG	0	0	56.5	
ctg_301 	15	249117  	249038  	Leu	TAG	0	0	50.7	
ctg_301 	16	233044  	232973  	Asn	GTT	0	0	76.1	
ctg_301 	17	218203  	218123  	Leu	CAA	0	0	55.6	
ctg_301 	18	210245  	210172  	Met	CAT	0	0	61.9	
ctg_301 	19	189483  	189410  	Pro	TGG	0	0	59.4	
ctg_301 	20	189200  	189127  	Trp	CCA	0	0	72.0	
ctg_301 	21	168057  	167985  	Thr	TGT	0	0	70.3	
ctg_301 	22	158577  	158504  	Met	CAT	0	0	61.1	
ctg_301 	23	156950  	156858  	Ser	TGA	0	0	60.5	
ctg_301 	24	151693  	151621  	Glu	TTC	0	0	44.5	
ctg_301 	25	151554  	151471  	Tyr	GTA	0	0	55.6	
ctg_301 	26	151016  	150943  	Asp	GTC	0	0	62.4	
ctg_301 	27	125885  	125798  	Ser	GCT	0	0	57.6	
ctg_301 	28	124025  	123954  	Gln	TTG	0	0	51.3	
ctg_301 	29	116425  	116352  	His	GTG	0	0	50.5	
ctg_301 	30	99856   	99785   	Val	GAC	0	0	53.3	
ctg_301 	31	92046   	91968   	Arg	ACG	0	0	56.5	
ctg_301 	32	72779   	72700   	Leu	TAG	0	0	50.7	
ctg_301 	33	56706   	56635   	Asn	GTT	0	0	76.1	
ctg_301 	34	41868   	41788   	Leu	CAA	0	0	55.6	
ctg_301 	35	33910   	33837   	Met	CAT	0	0	61.9	
ctg_301 	36	13143   	13070   	Pro	TGG	0	0	59.4	
ctg_301 	37	12860   	12787   	Trp	CCA	0	0	72.0	
ctg_305 	1	226898  	226969  	Asn	ATT	0	0	71.4	
ctg_309 	1	156619  	156690  	iMet	CAT	0	0	58.3	
ctg_311 	1	234205  	234276  	Ile	TAT	0	0	51.0	
ctg_318 	1	88518   	88447   	Ser	CGA	0	0	24.0	pseudo
ctg_330 	1	95383   	95458   	Asp	GTC	0	0	44.9	
ctg_330 	2	99835   	99764   	Asn	GTT	0	0	76.1	
ctg_331 	1	88102   	88175   	Asp	GTC	0	0	61.5	
ctg_331 	2	121897  	121968  	Gly	GCC	0	0	62.2	
ctg_331 	3	186213  	186284  	Asn	GTT	0	0	75.1	
ctg_331 	4	187827  	187900  	His	GTG	0	0	50.5	
ctg_331 	5	18403   	18332   	Asn	GTT	0	0	75.1	
ctg_331 	6	16789   	16716   	His	GTG	0	0	50.5	
ctg_348 	1	30435   	30362   	Ile	AAT	0	0	82.4	
ctg_351 	1	3569    	3496    	Val	CAC	0	0	82.4	
ctg_352 	1	116922  	116850  	Arg	ACG	0	0	71.7	
ctg_358 	1	110021  	109948  	Asn	GTT	0	0	84.5	
ctg_365 	1	125883  	125802  	Leu	TAG	0	0	24.4	pseudo
ctg_376 	1	81117   	81046   	Asn	GTT	0	0	71.7	
ctg_388 	1	76307   	76237   	Gly	TCC	0	0	48.5	
ctg_388 	2	63355   	63270   	Ser	TGA	0	0	41.0	pseudo
ctg_388 	3	58754   	58682   	Glu	TTC	0	0	54.2	
ctg_388 	4	58661   	58590   	Ala	TGC	0	0	44.3	pseudo
ctg_388 	5	58432   	58357   	Phe	GAA	0	0	43.5	
ctg_388 	6	57898   	57826   	His	GTG	0	0	35.2	pseudo
ctg_388 	7	57643   	57571   	Met	CAT	0	0	41.3	
ctg_388 	8	57272   	57200   	Val	TAC	0	0	59.4	
ctg_388 	9	55280   	55209   	Lys	TTT	0	0	44.6	
ctg_388 	10	55187   	55115   	Arg	TCT	0	0	28.8	pseudo
ctg_388 	11	49952   	49882   	Asn	GTT	0	0	57.3	
ctg_388 	12	49819   	49748   	Arg	ACG	0	0	42.8	pseudo
ctg_388 	13	34891   	34821   	Gly	TCC	0	0	48.5	
ctg_388 	14	34077   	34006   	Ile	GAT	0	0	41.5	pseudo
ctg_388 	15	21947   	21862   	Ser	TGA	0	0	41.0	pseudo
ctg_388 	16	17346   	17274   	Glu	TTC	0	0	54.2	
ctg_388 	17	17253   	17182   	Ala	TGC	0	0	44.3	pseudo
ctg_388 	18	17024   	16949   	Phe	GAA	0	0	43.5	
ctg_388 	19	16491   	16419   	His	GTG	0	0	35.2	pseudo
ctg_388 	20	16235   	16163   	Met	CAT	0	0	41.3	
ctg_388 	21	15864   	15792   	Val	TAC	0	0	59.4	
ctg_388 	22	13873   	13802   	Lys	TTT	0	0	44.6	
ctg_388 	23	13780   	13708   	Arg	TCT	0	0	28.8	pseudo
ctg_388 	24	8544    	8474    	Asn	GTT	0	0	57.3	
ctg_388 	25	8411    	8340    	Arg	ACG	0	0	42.8	pseudo
